../Core/Src/main.c:68:6:HAL_UART_RxCpltCallback	16	static
../Core/Src/main.c:78:6:delay	16	static
../Core/Src/main.c:91:6:Set_Pin_Output	40	static
../Core/Src/main.c:100:6:Set_Pin_Input	40	static
../Core/Src/main.c:112:6:DHT11_Start	8	static
../Core/Src/main.c:120:9:DHT11_Check_Response	16	static
../Core/Src/main.c:141:9:DHT11_Read	16	static
../Core/Src/main.c:165:20:DHT11_Run	24	static
../Core/Src/main.c:187:6:ADC_Select_CH0	24	static
../Core/Src/main.c:201:6:ADC_Select_CH1	24	static
../Core/Src/main.c:221:5:main	232	static
../Core/Src/main.c:339:6:SystemClock_Config	88	static
../Core/Src/main.c:386:13:MX_ADC1_Init	24	static
../Core/Src/main.c:447:13:MX_TIM1_Init	32	static
../Core/Src/main.c:493:13:MX_USART1_UART_Init	8	static
../Core/Src/main.c:526:13:MX_USART2_UART_Init	8	static
../Core/Src/main.c:559:13:MX_GPIO_Init	48	static
../Core/Src/main.c:611:6:Error_Handler	4	static,ignoring_inline_asm
